---
source: howitt/src/services/summarize_segment.rs
expression: result
---
SegmentSummary {
    distance_m: 6696.19,
    elevation: Some(
        ElevationSummary {
            elevation_ascent_m: 300.0,
            elevation_descent_m: 0.0,
        },
    ),
}
