---
source: howitt/src/services/lerp.rs
expression: result
---
[
    [
    5.0,
    'a',
],
    [
    8.75,
    'a',
],
    [
    12.5,
    'a',
],
    [
    16.25,
    'b',
],
    [
    20.0,
    'b',
],
    [
    22.5,
    'b',
],
    [
    25.0,
    'b',
],
    [
    27.5,
    'b',
],
    [
    30.0,
    'b',
],
    [
    32.5,
    'c',
],
    [
    35.0,
    'c',
],
    [
    37.5,
    'c',
],
    [
    40.0,
    'c',
],
    [
    36.25,
    'c',
],
    [
    32.5,
    'c',
],
    [
    28.75,
    'c',
],
    [
    25.0,
    'c',
],
    [
    21.25,
    'd',
],
    [
    17.5,
    'd',
],
    [
    13.75,
    'd',
],
]
